 1: Tour │ 2: Dash │ 3: Shakes │ 4: Code │ 5: Widgets │ 6: Layout │ 7: Forms │ 8
╭─────────────────────────────────────────────────Table Theme Gallery───────────
│                                                                               
│                                                                               
│                                                                               
│                                                                               
│                                                                               
│                                                                               
│                                                                               
│                                                                               
│                                                                               
│                                                                               
│                                                                               
│                                                                               
│                                                                               
│                                                                               
│                                                                               
│                                                                               
│                                                                               
│                                                                               
│                                                                               
│╭────────────────────────────────────────────Preview · Aurora · Markdown───────
││View(V): Markdown | Header(H): Off | Zebra(Z): Subtle                         
rced)Tab/Shift+Tab: next/prev 0x0 00:00 | Arrows/Tab: Select | R: Reset         