 1: Tour │ 2: Dash │ 3: Shakes │ 4: Code │ 5: Widgets │ 6: Layout │ 7: Forms │ 8
╭───────────────────────────────────────────────────Mermaid Showcase────────────
│Mermaid Showcase | Flow Basic (1/29) | Layout: Auto | Score: 0.8 | Viewport: au
│╭─────────────Samples─────────────╮╭────────────────────────────────────Viewpor
││> Flow Basic [flow, S, branch, de││                                           
││  Flow Subgraphs [flow, M, subgra││                                           
││  Flow Dense [flow, L, dense, dag││                                           
││  Flow Long Labels [flow, M, labe││                                           
││  Flow Unicode [flow, S, unicode,││                                           
││  Flow Styles [flow, M, classdef,││ ⣤⣤⣤⣤⣤⣤⣤⣤⣤⣤⣤⣤⣤⣤⣤⣤⣤⣤⣤⣤⣤                ⣀⣀⣤⣄⣀
││  Sequence Mini [sequence, S, com││ ⣿⣿⣿⣿⣿⣿⣿⣿⣿⣿⣿⣿⣿⣿⣿   Start    ⣄⡀ ⣀⣀⣤⣴   Check
││  Sequence Checkout [sequence, M,││ ⣿⣿⣿⣿⣿⣿⣿⣿⣿⣿⣿⣿⣿⣿⣿            ⠟⠋⠉⠙⠛⠻⠿        
││  Sequence Dense [sequence, L, de││ ⠛⠛⠛⠛⠛⠛⠛⠛⠛⠛⠛⠛⠛⠛⠛⠛⠛⠛⠛⠛⠛               ⠈⠉⠙⠛⠛⠉
││  Class Basic [class, S, inherita││                                           
││  Class Members [class, M, fields││                                           
││  State Basic [state, S, start-en││                                           
││  State Composite [state, M, comp││                                           
││  ER Basic [er, M, cardinality, r││                                           
││  Gantt Basic [gantt, M, sections│╰───────────────────────────────────────────
││  Mindmap Seed [mindmap, S, tree]│╭─────────────────────────────────────Metric
││  Mindmap Deep [mindmap, L, deep,││Cache: hit 27  miss 1  last hit            
││  Pie Basic [pie, S, title, showd││Warnings: 0                                
││  Pie Many [pie, M, many-slices] ││Parse: 0.06 ms                             
d)  Tab/Shift+Tab: next/prev  0x0 00:00 out: 0.05 ms                            