 1: Tour │ 2: Dash │ 3: Shakes │ 4: Code │ 5: Widgets │ 6: Layout │ 7: Forms │ 8
╭──────────────────────────────────────────────────Responsive Layout────────────
│ Breakpoint: SM (60-89) │ Width: 80 │ Thresholds: sm≥60 md≥90 lg≥120 xl≥160
│╭Sidebar───────────────────╮╭Content───────────────────────────────────────────
││Breakpoint: SM (60-89)    ││Columns: 1 │ Breakpoint: SM (60-89) │ 80×24
││Layout: stacked           ││
││                          ││Padding: 2 │ Style: normal
││Sidebar: hidden (md+)     ││
││Aside:   hidden (lg+)     ││The layout adapts to the terminal width.
││                          ││Resize your terminal to see the layout switch
││[b] Toggle BPs            ││between 1-column, 2-column, and 3-column modes.
││[Current: default]        ││
││                          ││
││                          ││
││                          ││
││                          ││
││                          ││
││                          ││
││                          ││
││                          ││
││                          ││
││                          ││
││                          ││
ed) Tab/Shift+Tab: next/prev  0x0 00:00
