 1: Tour │ 2: Dash │ 3: Shakes │ 4: Code │ 5: Widgets │ 6: Layout │ 7: Forms │ 8: DataViz │ 9: Files │ 0: Adv                                                                                           
╭──────────────────────────────────────────────────────Layout Lab──────────────────────────────────────────────────────╮                                                                                
│╭─────────────────────────────────────────────── Layout + Pane Studio ───────────────────────────────────────────────╮│                                                                                
││┌───────────────── Preset 1: Flex Vertical ──────────────────┐ ┌─────────────────── Pane Studio ───────────────────┐││                                                                                
│││┌─────────────────────────Fixed(5)─────────────────────────┐│ │mode:Focus sel:1 tl:0/0 ops:0 sp:3/h0/a0        ──╮│││                                                                                
││││60x5 @(3,4)                                               ││ │┃                       ││                        ││││                                                                                
││││                                                          ││ │┃ 25x5  @66,4           ││ 26x5  @91,4            ││││                                                                                
││││                                                          ││ │┃                       ││                        ││││                                                                                
│││└──────────────────────────────────────────────────────────┘│ │──────────■■■■──────────────────────■■■■───────────│││                                                                                
│││┌─────────────────────────Pct(30%)─────────────────────────┐│ │╭───────5 pane-3────────■╭────────7 pane-4────────╮│││                                                                                
││││60x3 @(3,9)                                               ││ ││                       ││                        ││││                                                                                
│││└──────────────────────────────────────────────────────────┘│ ││ 25x6  @66,9           ││ 26x6  @91,9            ││││                                                                                
│││┌──────────────────────────Min(3)──────────────────────────┐│ ││                       ││                        ││││                                                                                
││││60x3 @(3,12)                                              ││ ││                       ││                        ││││                                                                                
│││└──────────────────────────────────────────────────────────┘│ │╰───────────────────────│╰────────────────────────╯│││                                                                                
││└────────────────────────────────────────────────────────────┘ └───────────────────────────────────────────────────┘││                                                                                
│╰────────────────────────────────────────────────────────────────────────────────────────────────────────────────────╯│                                                                                
│──────────────────────────────────────────────────────────────────────────────────────────────────────────────────────│                                                                                
│╭───────────────── Controls ──────────────────╮╭─────────────────────────── Widget Demos ────────────────────────────╮│                                                                                
││Preset: [1] Flex Vertical                    ││┌Padding─────────────────────────┐ ┌Align (l)───────────────────────┐││                                                                                
││Direction: Vertical (d)                      │││                                │ │             Center             │││                                                                                
││Alignment: Start (a)                         │││                                │ │                                │││                                                                                
││Gap: 0 (+/-)                                 ││└────────────────────────────────┘ └────────────────────────────────┘││                                                                                
││Margin: 0 (m/M)                              ││┌Columns─────────────────────────┐ ┌Group───────────────────────────┐││                                                                                
││Padding: 1 (p/P)                             │││A          B          C         │ │Overlay                         │││                                                                                
││Constraints: > Fixed(5)    Pct(30%)    Min(3)│││                                │ │                                │││                                                                                
││Pane Mode: Focus (f/c/n/k)                   ││└────────────────────────────────┘ └────────────────────────────────┘││                                                                                
│╰─────────────────────────────────────────────╯╰─────────────────────────────────────────────────────────────────────╯│                                                                                
╰──────────────────────────────────────────────────────────────────────────────────────────────────────────────────────╯                                                                                
 Layout Lab [6/45]  Cyberpunk Aurora [h] [cmd] [p] [d]  Mouse: OFF (forced)     Tab/Shift+Tab: next/prev      0x0 00:02                                                                                 
                                                                                                                                                                                                        
                                                                                                                                                                                                        
                                                                                                                                                                                                        
                                                                                                                                                                                                        
                                                                                                                                                                                                        
                                                                                                                                                                                                        
                                                                                                                                                                                                        
                                                                                                                                                                                                        
                                                                                                                                                                                                        
                                                                                                                                                                                                        
                                                                                                                                                                                                        
                                                                                                                                                                                                        
                                                                                                                                                                                                        
                                                                                                                                                                                                        
                                                                                                                                                                                                        
                                                                                                                                                                                                        
                                                                                                                                                                                                        
                                                                                                                                                                                                        
                                                                                                                                                                                                        
                                                                                                                                                                                                        