 1: Tour │ 2: Dash │ 3: Shakes │ 4: Code │ 5: Widgets │ 6: Layout │ 7: Forms │ 8: DataViz │ 9: Files │ 0: Adv                                                                                           
╭────────────────────────────────────────────────Mermaid Mega Showcase─────────────────────────────────────────────────╮                                                                                
│┌────────────────────────────────────────────────────────────────────────────────────────────────────────────────────┐│                                                                                
││ Tier:auto Glyph:unicode Render:braille Wrap:wordchar Layout:auto Dir:auto Palette:default Zoom:100% VP:auto Gen:n24││                                                                                
││                                                                                                                    ││                                                                                
││                                                                                                                    ││                                                                                
││                                                                                                                    ││                                                                                
│└────────────────────────────────────────────────────────────────────────────────────────────────────────────────────┘│                                                                                
│┌ Flow Basic [default] ──────────────────────────────────────────────────────────────────┐┌ Metrics ─────────────────┐│                                                                                
││                                                                                        ││                          ││                                                                                
││                                   ⢸⣿⣿⣿⣿⣿⣿⣿⣿⣿⣿⣿⣿⣿⣿⣿⣿⡇                                   ││Mode: normal              ││                                                                                
││                                   ⢸⣿⣿⣿⣿⣿Start ⣿⣿⣿⣿⣿⡇                                   ││Sample: Flow Basic        ││                                                                                
││                                   ⠘⠛⠛⠛⠛⠛⠛⠛⣛⣟⡛⠛⠛⠛⠛⠛⠛⠃                                   ││Palette: default          ││                                                                                
││                                           ⢘⣟                                           ││Node: -                   ││                                                                                
││                                    ⢀⣀⣠⣤⣶⣾⣿⣿⣿⣿⣷⣶⣤⣤⣀⡀                                    ││Epoch: a0/l0/r0           ││                                                                                
││                                   ⠈⠉⠛⠛⠿⠿⣿⣿⣿⣿⣿⣿⡿⠿⠟⠛⠋⠁                                   ││VP: auto                  ││                                                                                
││                                        ⣀⣀⠤⠝⠛⠥⢄⣀⡀                                       ││                          ││                                                                                
││                          ⣀⣀⣀⣀⣀⣀⣀⣀⣠⣾⣤⣒⣊⣉⣀⣀⡀  ⢀⣀⣀⣈⣉⣒⣢⣼⣦⣀⣀⣀⣀⣀⣀⣀⣀                          ││Parse: 0.0ms              ││                                                                                
││                          ⣿⣿⣿⣿⣿⣿⣿⣿⣿⣿⣿⣿⣿⣿⣿⣿⡇  ⢸⣿⣿⣿⣿⣿⣿⣿⣿⣿⣿⣿⣿⣿⣿⣿⣿                          ││Layout: 0.0ms             ││                                                                                
││                          ⣿⣿⣿⣿⣿⣿⣿⣿⣿⣿⣿⣿⣿⣿⣿⣿⡇  ⢸⣿⣿⣿⣿⣿⣿⣿⣿⣿⣿⣿⣿⣿⣿⣿⣿                          ││Render: 0.1ms             ││                                                                                
││                          ⠉⠉⠉⠉⠉⠉⠉⠉⠛⠭⠭⣉⣉⠉⠉⠉⢁  ⢈⠉⠉⠉⢉⣉⡩⠭⠝⠋⠉⠉⠉⠉⠉⠉⠉                          ││Total: 0.2ms              ││                                                                                
││                                   ⢠⣤⣤⣤⣭⣭⣶⣾⣷⣴⣿⣶⣮⣭⣥⣤⣤⡄                                   ││Nodes: 5 Edges: 5         ││                                                                                
││                                   ⢸⣿⣿⣿⣿⣿ End  ⣿⣿⣿⣿⣿⡇                                   ││Crossings: 0 Bends: 0     ││                                                                                
││                                   ⢸⣿⣿⣿⣿⣿⣿⣿⣿⣿⣿⣿⣿⣿⣿⣿⣿⡇                                   ││Ranks: 4 MaxW: 2          ││                                                                                
││                                                                                        ││AutoFit: tight (25%)      ││                                                                                
│└────────────────────────────────────────────────────────────────────────────────────────┘└──────────────────────────┘│                                                                                
│NORMAL  j/k:sample u/U:nodes x/X:density t:tier p:palette H/J/K/L:pan []/{}:size o:reset /:filter Ctrl+U:clear ?:help │                                                                                
│                                                                                                                      │                                                                                
╰──────────────────────────────────────────────────────────────────────────────────────────────────────────────────────╯                                                                                
 Mermaid Mega Showcase [17/45] [h] [cmd] [p] [d]  Mouse: OFF (forced)        Tab/Shift+Tab: next/prev         0x0 00:02                                                                                 
                                                                                                                                                                                                        
                                                                                                                                                                                                        
                                                                                                                                                                                                        
                                                                                                                                                                                                        
                                                                                                                                                                                                        
                                                                                                                                                                                                        
                                                                                                                                                                                                        
                                                                                                                                                                                                        
                                                                                                                                                                                                        
                                                                                                                                                                                                        
                                                                                                                                                                                                        
                                                                                                                                                                                                        
                                                                                                                                                                                                        
                                                                                                                                                                                                        
                                                                                                                                                                                                        
                                                                                                                                                                                                        
                                                                                                                                                                                                        
                                                                                                                                                                                                        
                                                                                                                                                                                                        
                                                                                                                                                                                                        