 1: Tour │ 2: Dash │ 3: Shakes │ 4: Code │ 5: Widgets │ 6: Layout │ 7: Forms │ 8: DataViz │ 9: Files │ 0: Adv
╭───────────────────────────────────────────────────Intrinsic Sizing───────────────────────────────────────────────────╮
│ Intrinsic Sizing Demo • Adaptive Sidebar (1/4)                                                                       │
│╭Menu──────────────╮╭Content───────────────────────────────────────────╮  ┌────────────── Pane Studio ───────────────┐│
││📊 Dashboard      ││Current width: 72                                 │  │mode:Focus sel:1 tl:0/0 ops:0 sp:3/h0/a0  ││
││⚙️ Settings        ││Sidebar mode: Full sidebar mode (width >= 60)     │  │┃                   ││                   ││
││❓ Help           ││                                                  │  │┃ 21x9  @76,4       ││ 21x9  @97,4       │││
││🔔 Notifications  ││The sidebar adapts to terminal width:             │  │┃                   ││                   │││
││👤 Profile        ││• Narrow: icon-only (4 cols)                      │  │┃                   ││                   │││
││                  ││• Wide: full labels (20 cols)                     │  │┃                   ││                   │││
││                  ││                                                  │  │┃                   ││                   │││
││                  ││Try resizing your terminal!                       │  │┃                   ■│                   │││
││                  ││                                                  │  │────────■■■■─────────────────■■■■─────────││
││                  ││                                                  │  │╭─────5 pane-3──────■╭─────7 pane-4──────╮││
││                  ││                                                  │  ││                   ■│                   │││
││                  ││                                                  │  ││ 21x10  @76,13     ││ 21x10  @97,13     │││
││                  ││                                                  │  ││                   ││                   │││
││                  ││                                                  │  ││                   ││                   │││
││                  ││                                                  │  ││                   ││                   │││
││                  ││                                                  │  ││                   ││                   │││
││                  ││                                                  │  ││                   ││                   │││
││                  ││                                                  │  ││                   ││                   │││
││                  ││                                                  │  │╰───────────────────│╰───────────────────╯││
││                  ││                                                  │  └──────────────────────────────────────────┘│
││                  ││                                                  │                                              │
││                  ││                                                  │  ╭Pane Studio───────────────────────────────╮│
││                  ││                                                  │  │Drag panes | Right click mode | Wheel magn││
│╰──────────────────╯╰──────────────────────────────────────────────────╯  ╰──────────────────────────────────────────╯│
╰──────────────────────────────────────────────────────────────────────────────────────────────────────────────────────╯
 Intrinsic Sizing [23/45]  Cyberpunk Aurora [h] [cmd] [p] [d]  Mouse: OFF (forced)  Tab/Shift+Tab: next/prev  0x0 00:02