 1: Tour │ 2: Dash │ 3: Shakes │ 4: Code │ 5: Widgets │ 6: Layout │ 7: Forms │ 8
╭────────────────────────────────────────────────Mermaid Mega Showcase──────────
│┌──────────────────────────────────────────────────────────────────────────────
││ Tier:auto Glyph:unicode Render:braille Wrap:wordchar Layout:auto Dir:auto Pal
││                                                                              
││                                                                              
││                                                                              
│└──────────────────────────────────────────────────────────────────────────────
│┌ Flow Basic [default] ────────────────────────────────────────────────────────
││                                                                              
││                                   ⢸⣿⣿⣿⣿⣿⣿⣿⣿⣿⣿⣿⣿⣿⣿⣿⣿⡇                         
││                                   ⢸⣿⣿⣿⣿⣿Start ⣿⣿⣿⣿⣿⡇                         
││                                   ⠘⠛⠛⠛⠛⠛⠛⠛⣛⣟⡛⠛⠛⠛⠛⠛⠛⠃                         
││                                           ⢘⣟                                 
││                                    ⢀⣀⣠⣤⣶⣾⣿⣿⣿⣿⣷⣶⣤⣤⣀⡀                          
││                                   ⠈⠉⠛⠛⠿⠿⣿⣿⣿⣿⣿⣿⡿⠿⠟⠛⠋⠁                         
││                                        ⣀⣀⠤⠝⠛⠥⢄⣀⡀                             
││                          ⣀⣀⣀⣀⣀⣀⣀⣀⣠⣾⣤⣒⣊⣉⣀⣀⡀  ⢀⣀⣀⣈⣉⣒⣢⣼⣦⣀⣀⣀⣀⣀⣀⣀⣀                
arse: 0.0ms                 ⣿⣿⣿⣿⣿⣿⣿⣿⣿⣿⣿⣿⣿⣿⣿⣿⡇  ⢸⣿⣿⣿⣿⣿⣿⣿⣿⣿⣿⣿⣿⣿⣿⣿⣿                
ayout: 0.0ms                ⣿⣿⣿⣿⣿⣿⣿⣿⣿⣿⣿⣿⣿⣿⣿⣿⡇  ⢸⣿⣿⣿⣿⣿⣿⣿⣿⣿⣿⣿⣿⣿⣿⣿⣿                
ender: 0.1ms                ⠉⠉⠉⠉⠉⠉⠉⠉⠛⠭⠭⣉⣉⠉⠉⠉⢁  ⢈⠉⠉⠉⢉⣉⡩⠭⠝⠋⠉⠉⠉⠉⠉⠉⠉                
otal: 0.2ms                          ⢠⣤⣤⣤⣭⣭⣶⣾⣷⣴⣿⣶⣮⣭⣥⣤⣤⡄                         
odes: 5 Edges: 5                     ⢸⣿⣿⣿⣿⣿ End  ⣿⣿⣿⣿⣿⡇                         
utoFit: tight (25%)ev         0x0 00:00 ⣿⣿⣿⣿⣿⣿⣿⣿⣿⣿⣿⣿⣿⣿⡇                         