 1: Tour │ 2: Dash │ 3: Shakes │ 4: Code │ 5: Widgets │ 6: Layout │ 7: Forms │ 8
╭──────────────────────────────────────────────────────Layout Lab───────────────
│╭─────────────────────────────────────────────── Layout + Pane Studio ─────────
││┌───────────────── Preset 1: Flex Vertical ──────────────────┐ ┌──────────────
│││┌─────────────────────────Fixed(5)─────────────────────────┐│ │mode:Focus sel
││││60x5 @(3,4)                                               ││ │┃
││││                                                          ││ │┃ 25x5  @66,4
││││                                                          ││ │┃
│││└──────────────────────────────────────────────────────────┘│ │──────────■■■■
│││┌─────────────────────────Pct(30%)─────────────────────────┐│ │╭───────5 pane
││││60x3 @(3,9)                                               ││ ││
│││└──────────────────────────────────────────────────────────┘│ ││ 25x6  @66,9
│││┌──────────────────────────Min(3)──────────────────────────┐│ ││
││││60x3 @(3,12)                                              ││ ││
│││└──────────────────────────────────────────────────────────┘│ │╰─────────────
││└────────────────────────────────────────────────────────────┘ └──────────────
│╰──────────────────────────────────────────────────────────────────────────────
│───────────────────────────────────────────────────────────────────────────────
│╭───────────────── Controls ──────────────────╮╭─────────────────────────── Wid
││Preset: [1] Flex Vertical                    ││┌Padding───────────────────────
││Direction: Vertical (d)                      │││
││Alignment: Start (a)                         │││
││Gap: 0 (+/-)                                 ││└──────────────────────────────
Tab/Shift+Tab: next/prev      0x0 00:00        ││┌Columns───────────────────────
