 1: Tour │ 2: Dash │ 3: Shakes │ 4: Code │ 5: Widgets │ 6: Layout │ 7: Forms │ 8
╭───────────────────────────────────────────────────Determinism Lab─────────────
│Determinism Lab  Seed: 7  Frame: 27  Status: Live  Fault: off
│
│┌Equivalence──────────────────────────────────────────────────────────┐┌Scene P
││Strategy  Changes   Checksum             Status                      ││OTYFKRX
OLFMLY  NKV X.NMI.52  E0D977b9ee8257bc8ba   OK                         ││.PED.TO
LEDiFWERowsCPDDIFB52LKXEL977b9ee8257bc8ba   OK                         ││.FQP..W
T.RullZQJ.ZK.Q  Q0V0 B IJ977b9ee8257bc8ba   OK                         ││AJYH.OU
XMAABAFS ON.DSVRWMJG  D ALZKTF ORQP  Y                                 ││WJQXYPU
FURULRWVTe: d2b782 cbc6d1 00f37d 0e44b9 2d3750 347b12 ef8dd7 89442b 33c││QPW.QRM
XM  FYJKB.X.FAJKX HQNUB T.Z UM.Q   A                                   ││...Z.DP
││NceGarH.DYBaselNMLV(G.KU D.XCLQX                                     ││GNCHQHA
PEZITSJOJSA 1SEQJJUVLOC.GSJH.XAPFQRQLYSpace pause  F fault  E export  E││KRKPMZK
SJRSZWAnSNCPOKFFSYOCTaMFKSODBRW.YDEGress Enter.                        ││YNAPEXW
.AKeLO: EOSeHODRrunIR.FCRted OA ruB all  C log checksum                ││YTQVWTG
OX GY.OTPEVMBNAUJEGWBMLQ ARKJ WX MHKQ                                  │└───────
││                                                                     │┌Checks─
││                                                                     ││Scenari
││                                                                     ││> Basel
││                                                                     ││  Drift
││                                                                     ││  Fault
││                                                                     ││Runs  (
)  Tab/Shift+Tab: next/prev   0x0 00:00                                ││
