 1: Tour │ 2: Dash │ 3: Shakes │ 4: Code │ 5: Widgets │ 6: Layout │ 7: Forms │ 8: DataViz │ 9: Files │ 0: Adv
╭───────────────────────────────────────────────────Layout Inspector───────────────────────────────────────────────────╮
│╭───────────────Inspector────────────────╮  ╭───────────────────Layout───────────────────╮  ┌───── Pane Studio ──────┐│
││Scenario: Flex Trio                     │  │╭Fixed 44x3 [0..∞ x 3..3])─────────────────╮│  │mode:Focus sel:1 tl:0/0 ││
││Details: Vertical flex: Fixed + Min + Ma│  ││                                          ││  │┃          ││          │││
││Step: Constraints - Inspect min/max boun│  │╰──────────────────────────────────────────╯│  │┃ 12x12  @ ││ 12x12  @ │││
││                                        │  │                                            │  │┃          ││          │││
││Overlay: on   Tree: on                  │  │.Min 44x4→44x7 [0..∞ x 4..∞]───────────────.│  │┃          ││          │││
││                                        │  ││                                          ││  │┃          ││          │││
││Keys: n/p scenario  [/ ] step  o overlay│  ││                                          ││  │┃          ││          │││
││                                        │  │.                                          .│  │┃          ││          │││
││FlexRoot  req 44x15  got 44x15  min 0x0 │  ││                                          ││  │┃          ││          │││
││  Fixed  req 44x3  got 44x3  min 0x3  ma│  ││                                          ││  │┃          ││          │││
││  Min  req 44x4  got 44x7  min 0x4  max │  │╰──────────────────────────────────────────╯│  │┃          ■│          │││
││  Max  req 44x6  got 44x3  min 0x0  max │  │                                            │  │────■■■─────────■■■─────││
││                                        │  │.Max 44x6→44x3 [0..∞ x 0..6]───────────────.│  │╭─5 pane-3─■╭─7 pane-4─╮││
││                                        │  ││                                          ││  ││          ■│          │││
││                                        │  │.──────────────────────────────────────────.│  ││ 12x12  @ ││ 12x12  @ │││
││                                        │  ╰────────────────────────────────────────────╯  ││          ││          │││
││                                        │                                                  ││          ││          │││
││                                        │  ╭────────────────────Tree────────────────────╮  ││          ││          │││
││                                        │  │FlexRoot req=44x15 got=44x15 min=0x0 max=0x0│  ││          ││          │││
││                                        │  │  Fixed req=44x3 got=44x3 min=0x3 max=0x3   │  ││          ││          │││
││                                        │  │  Min req=44x4 got=44x7 min=0x4 max=0x0     │  ││          ││          │││
││                                        │  │  Max req=44x6 got=44x3 min=0x0 max=0x6     │  ││          ││          │││
││                                        │  │                                            │  ││          ││          │││
││                                        │  │                                            │  │╰──────────│╰──────────╯││
│╰────────────────────────────────────────╯  ╰────────────────────────────────────────────╯  └────────────────────────┘│
╰──────────────────────────────────────────────────────────────────────────────────────────────────────────────────────╯
 Layout Inspector [24/45]  Cyberpunk Aurora [h] [cmd] [p] [d]  Mouse: OFF (forced)  Tab/Shift+Tab: next/prev  0x0 00:02