 1: Tour │ 2: Dash │ 3: Shakes │ 4: Code │ 5: Widgets │ 6: Layout │ 7: Forms │ 8
╭─────────────────────────────────────────────────────Shakespeare───────────────
│┏━━━━━━━━━━━━━━━━━━━Complete Works of William Shakespeare━━━━━━━━━━━━━━━━━━━━┓╭
│┃      1 The Project Gutenberg eBook of The Complete Works of William Shakes█┃│
o matches yet                                                                │┃│
│┃      3 This ebook is for the use of anyone anywhere in the United States a│┃│
│┃      4 most other parts of the world at no cost and with almost no restric│┃│
│┃      5 whatsoever. You may copy it, give it away or re-use it under the te│┃│
│┃      6 of the Project Gutenberg License included with this ebook or online│┃│
│┃      7 at www.gutenberg.org. If you are not located in the United States, │┃│
│┃      8 you will have to check the laws of the country where you are locate│┃│
│┃      9 before using this eBook.                                           │┃╰
│┃     10                                                                    │┃╭
│┃     11 Title: The Complete Works of William Shakespeare                   │┃│
│┃     12                                                                    │┃│
│┃     13 Author: William Shakespeare                                        │┃│
│┃     14                                                                    │┃│
│┃     15 Release date: January 1, 1994 [eBook #100]                         │┃│
│┃     16                 Most recently updated: August 24, 2025             │┃│
│┃     17                                                                    │┃│
│┃     18 Language: English                                                  │┃╰
│┃     19                                                                    │┃╭
│┃     20                                                                    │┃│
 Tab/Shift+Tab: next/prev     0x0 00:00                                      │┃│