 1: Tour │ 2: Dash │ 3: Shakes │ 4: Code │ 5: Widgets │ 6: Layout │ 7: Forms │ 8: DataViz │ 9: Files │ 0: Adv                                                                                           
╭─────────────────────────────────────────────────────Inline Mode──────────────────────────────────────────────────────╮                                                                                
│Mode: Inline  |  Compare: OFF  |  Anchor: Bottom  |  UI height: 2  |  Rate: 2/tick                                    │                                                                                
│Status: Live  |  Lines: 114  |  Scrollback preserved in inline mode                                                   │                                                                                
│╭Inline Mode Story───────────────────────────────────────────────────────────────────────────────────────────────────╮│                                                                                
││000094 [ERROR] render  scrollback ok                                                                                ││                                                                                
││000095 [DEBUG] render  scrollback ok                                                                                ││                                                                                
││000096 [INFO ] runtime scrollback ok                                                                                ││                                                                                
││000097 [WARN ] runtime scrollback ok                                                                                ││                                                                                
││000098 [ERROR] runtime inline anchor                                                                                ││                                                                                
││000099 [DEBUG] widgets inline anchor                                                                                ││                                                                                
││000100 [INFO ] widgets inline anchor                                                                                ││                                                                                
││000101 [WARN ] widgets inline anchor                                                                                ││                                                                                
││000102 [ERROR] io      inline anchor                                                                                ││                                                                                
││000103 [DEBUG] io      inline anchor                                                                                ││                                                                                
││000104 [INFO ] io      inline anchor                                                                                ││                                                                                
││000105 [WARN ] layout  budget check                                                                                 ││                                                                                
││000106 [ERROR] layout  budget check                                                                                 ││                                                                                
││000107 [DEBUG] layout  budget check                                                                                 ││                                                                                
││000108 [INFO ] core    budget check                                                                                 ││                                                                                
││000109 [WARN ] core    budget check                                                                                 ││                                                                                
││000110 [ERROR] core    budget check                                                                                 ││                                                                                
││000111 [DEBUG] render  budget check                                                                                 ││                                                                                
││000112 [INFO ] render  diff pass                                                                                    ││                                                                                
││000113 [WARN ] render  diff pass                                                                                    ││                                                                                
││ INLINE MODE - SCROLLBACK PRESERVED                                                                                 ││                                                                                
││ Anchor: BOTTOM  |  UI height: 2  |  Log rate: 2/tick                                                               ││                                                                                
│╰────────────────────────────────────────────────────────────────────────────────────────────────────────────────────╯│                                                                                
╰──────────────────────────────────────────────────────────────────────────────────────────────────────────────────────╯                                                                                
 Inline Mode [36/45]  Cyberpunk Aurora [h] [cmd] [p] [d]  Mouse: OFF (forced)    Tab/Shift+Tab: next/prev     0x0 00:02                                                                                 
                                                                                                                                                                                                        
                                                                                                                                                                                                        
                                                                                                                                                                                                        
                                                                                                                                                                                                        
                                                                                                                                                                                                        
                                                                                                                                                                                                        
                                                                                                                                                                                                        
                                                                                                                                                                                                        
                                                                                                                                                                                                        
                                                                                                                                                                                                        
                                                                                                                                                                                                        
                                                                                                                                                                                                        
                                                                                                                                                                                                        
                                                                                                                                                                                                        
                                                                                                                                                                                                        
                                                                                                                                                                                                        
                                                                                                                                                                                                        
                                                                                                                                                                                                        
                                                                                                                                                                                                        
                                                                                                                                                                                                        