 1: Tour │ 2: Dash │ 3: Shakes │ 4: Code │ 5: Widgets │ 6: Layout │ 7: Forms │ 8: DataViz │ 9: Files │ 0: Adv                                                                                           
╭────────────────────────────────────────────────────Macro Recorder────────────────────────────────────────────────────╮                                                                                
│╭───────────────────────────────────────────────────Macro Recorder───────────────────────────────────────────────────╮│                                                                                
││State: ○ Idle   Events: 0   Duration: 0ms                                                                           ││                                                                                
││Speed: 1.00x   Loop: Off   Progress:   0%   Filtered: 0                                                             ││                                                                                
││Focus: [Controls]  [Timeline]  [Scenarios]   Ctrl/Alt+Arrows: ↑Controls  ←Timeline  →Scenarios                      ││                                                                                
││Quick Start: Enter load scenario  Space record  ↑/↓ scrub timeline                                                  ││                                                                                
││Space/r record/stop  Enter/p play/pause  Esc stop  L loop  +/- speed                                                ││                                                                                
│╰────────────────────────────────────────────────────────────────────────────────────────────────────────────────────╯│                                                                                
│╭──────────────────────────────Timeline───────────────────────────────╮╭────────────────Event Detail─────────────────╮│                                                                                
││No macro loaded.                                                     ││Select a scenario or record a macro to see de││                                                                                
││Space to record, or select a scenario and press Enter.               ││                                             ││                                                                                
││                                                                     ││                                             ││                                                                                
││                                                                     ││                                             ││                                                                                
││                                                                     ││                                             ││                                                                                
││                                                                     ││                                             ││                                                                                
││                                                                     ││                                             ││                                                                                
││                                                                     ││                                             ││                                                                                
││                                                                     ││                                             ││                                                                                
││                                                                     ││                                             ││                                                                                
││                                                                     │╰─────────────────────────────────────────────╯│                                                                                
││                                                                     │╭───────────────Scenario Runner───────────────╮│                                                                                
││                                                                     ││Preset scenarios (Enter to load)             ││                                                                                
││                                                                     ││                                             ││                                                                                
││                                                                     ││Tab Tour                                     ││                                                                                
││                                                                     ││  Cycle tabs and toggle the help overlay     ││                                                                                
││                                                                     ││                                             ││                                                                                
│╰─────────────────────────────────────────────────────────────────────╯╰─────────────────────────────────────────────╯│                                                                                
╰──────────────────────────────────────────────────────────────────────────────────────────────────────────────────────╯                                                                                
 Macro Recorder [13/45]  Cyberpunk Aurora [h] [cmd] [p] [d]  Mouse: OFF (forced)   Tab/Shift+Tab: next/prev   0x0 00:02                                                                                 
                                                                                                                                                                                                        
                                                                                                                                                                                                        
                                                                                                                                                                                                        
                                                                                                                                                                                                        
                                                                                                                                                                                                        
                                                                                                                                                                                                        
                                                                                                                                                                                                        
                                                                                                                                                                                                        
                                                                                                                                                                                                        
                                                                                                                                                                                                        
                                                                                                                                                                                                        
                                                                                                                                                                                                        
                                                                                                                                                                                                        
                                                                                                                                                                                                        
                                                                                                                                                                                                        
                                                                                                                                                                                                        
                                                                                                                                                                                                        
                                                                                                                                                                                                        
                                                                                                                                                                                                        
                                                                                                                                                                                                        