 1: Tour │ 2: Dash │ 3: Shakes │ 4: Code │ 5: Widgets │ 6: Layout │ 7: Forms │ 8: DataViz │ 9: Files │ 0: Adv
╭─────────────────────────────────────────────────Table Theme Gallery──────────────────────────────────────────────────╮
│                                                                                                                      │
│                                                                                                                      │
│                                                                                                                      │
│                                                                                                                      │
│                                                                                                                      │
│                                                                                                                      │
│                                                                                                                      │
│                                                                                                                      │
│                                                                                                                      │
│                                                                                                                      │
│                                                                                                                      │
│                                                                                                                      │
│                                                                                                                      │
│                                                                                                                      │
│                                                                                                                      │
│                                                                                                                      │
│                                                                                                                      │
│                                                                                                                      │
│                                                                                                                      │
│╭────────────────────────────────────────────Preview · Aurora · Markdown─────────────────────────────────────────────╮│
││View(V): Markdown | Header(H): Off | Zebra(Z): Subtle                                                               ││
││Border(B): Preset | Highlight(L): Off | Arrows/Tab: Select | R: Reset                                               ││
││S: Save preset | E: Export | I: Import                                                                              ││
││┌────────────┬────────┬───────┐                                                                                     ││
│││ Metric     │ Value  │ Trend │                                                                                     ││
│╰────────────────────────────────────────────────────────────────────────────────────────────────────────────────────╯│
╰──────────────────────────────────────────────────────────────────────────────────────────────────────────────────────╯
 Table Theme Gallery [11/45]  Cyberpunk Aurora [h] [cmd] [p] [d]  Mouse: OFF (forced)Tab/Shift+Tab: next/prev 0x0 00:02