 1: Tour │ 2: Dash │ 3: Shakes │ 4: Code │ 5: Widgets │ 6: Layout │ 7: Forms │ 8
╭─────────────────────────────────────────────────────Performance───────────────
│╭─────────────────────────Virtualized List (10000 items)───────────────────────
││[    0]  INFO server::http       Event #00000: simulated log entry with payloa
││[    1] DEBUG db::pool           Event #00001: simulated log entry with payloa
││[    2]  WARN auth::jwt          Event #00002: simulated log entry with payloa
││[    3] ERROR cache::redis       Event #00003: simulated log entry with payloa
││[    4] TRACE queue::worker      Event #00004: simulated log entry with payloa
││[    5]  INFO api::handler       Event #00005: simulated log entry with payloa
││[    6] DEBUG core::runtime      Event #00006: simulated log entry with payloa
0│[    7]  WARN server::http       Event #00007: simulated log entry with payloa
││[    8] ERROR db::pool           Event #00008: simulated log entry with payloa
││[    9] TRACE auth::jwt          Event #00009: simulated log entry with payloa
││[   10]  INFO cache::redis       Event #00010: simulated log entry with payloa
││[   11] DEBUG queue::worker      Event #00011: simulated log entry with payloa
││[   12]  WARN api::handler       Event #00012: simulated log entry with payloa
││[   13] ERROR core::runtime      Event #00013: simulated log entry with payloa
││[   14] TRACE server::http       Event #00014: simulated log entry with payloa
││[   15]  INFO db::pool           Event #00015: simulated log entry with payloa
││[   16] DEBUG auth::jwt          Event #00016: simulated log entry with payloa
││[   17]  WARN cache::redis       Event #00017: simulated log entry with payloa
││[   18] ERROR queue::worker      Event #00018: simulated log entry with payloa
││[   19] TRACE api::handler       Event #00019: simulated log entry with payloa
 Tab/Shift+Tab: next/prev     0x0 00:00  #00020: simulated log entry with payloa