 1: Tour │ 2: Dash │ 3: Shakes │ 4: Code │ 5: Widgets │ 6: Layout │ 7: Forms │ 8
╭───────────────────────────────────────────────────Action Timeline─────────────
│╭──────────────────────────────────────────────────Filters + Follow────────────
││Follow[F]: ON  Component[C]: all  Severity[S]: all  Type[T]: all  Clear[X]    
│╰──────────────────────────────────────────────────────────────────────────────
│╭─────────────────────────Event Timeline──────────────────────────╮╭───────────
││   4 ERROR render  cmd     Command dispatched to model           ││ID: 25     
││   6 DEBUG widgets sub     Subscription tick delivered           ││Tick: 26   
││   8 WARN  core    sub     Subscription tick delivered           ││Severity: D
EB  10 TRACE runtime render  Frame diff computed                   ││Component:r
un  12 INFO  render  present Presenter emitted ANSI batch          ││Type: cmd  
    14 ERROR widgets present Presenter emitted ANSI batch          ││           
││  16 DEBUG core    caps    Capability probe updated              ││Summary:   
││  18 WARN  runtime budget  Render budget degraded                ││  Command d
is  20 TRACE render  budget  Render budget degraded                ││           
││  22 INFO  widgets input   Key event processed                   ││Fields:    
││  24 ERROR core    cmd     Command dispatched to model           ││  latency_7
1│  26 DEBUG runtime cmd     Command dispatched to model           ││  diff_cel9
8                                                                  ││  ansi_byte
224                                                                ││           
││                                                                 ││           
││                                                                 ││           
                                                                   ││           
)  Tab/Shift+Tab: next/prev   0x0 00:00                            ││           