 1: Tour │ 2: Dash │ 3: Shakes │ 4: Code │ 5: Widgets │ 6: Layout │ 7: Forms │ 8
╭──────────────────────────────────────────────────Time-Travel Studio───────────
│╭───────────────────────────Timeline (1/50)───────────────────────────╮╭───────
││░░░░░░░░░░░░░░░░░░░░░░░░░░░░░░░░░░░░░░░░░░░░░░░░░░░░░░░░░░░░░░░░░░░░░││Status:
│╰─────────────────────────────────────────────────────────────────────╯│       
│╭────────────────────────────Frame Preview────────────────────────────╮│Frame: 
││Frame 1/50                                                           ││Size: 4
││                                                                     ││Changes
││                                                                     ││Memory:
││Hello, World!                                                        ││Checksu
││                                                                     ││Render:
││                                                                     ││       
││                                                                     ││Chain h
││                                                                     ││Markers
││                                                                     ││Marked:
││                                                                     ││       
││                                                                     ││── Comp
││                                                                     ││View: S
││                                                                     ││Heatmap
││█                                                                    ││A: #1  
││                                                                     ││B: #2  
││                                                                     ││Diff: n
││                                                                     ││       
ced) Tab/Shift+Tab: next/prev 0x0 00:00                                ││── Cont