 1: Tour │ 2: Dash │ 3: Shakes │ 4: Code │ 5: Widgets │ 6: Layout │ 7: Forms │ 8
╭───────────────────────────────────────────────────────Data Viz────────────────
│╭─────────────Sparklines──────────────╮╭────────Bar Chart (Vertical)─────────╮╭
││Sine wave: +0.96                     ││                              ▄▄    █│█
 █▄▇█▅▁   █▆▂ ▂▆█▇▃ ▁▅█▇▄▁ ▃▇█▅▁▇█▅▁ ▃▇││          ▁▁    ▅▅            ██ ▃▃ █│
 █ █ █     █   -0.29                   ││      ▇▇  ██    ██     ▄▄ ▁▁  ██ ██ █│█
   █ █▁ █     ▇█▅▁ ▃▇█▆▂ ▂▆█▇▃ ▁▆▂ ▁▅█▇││▄▄    ██  ██ ▆▆ ██     ██ ██  ██ ██ █│█
   █ █ █      : -0.82                  ││██ ██ ██  ██ ██ ██  ▆▆ ██ ██  ██ ██ █│
 █   █ █▃█    ▂ ▃▃▆▃▅█▁█▄ ▇▆▃▁  ▇▁▃▁▅▃▄││██ ██ ██  ██ ██ ██  ██ ██ ██  ██ ██ █│
 █ █ █████████ COS ███░░░░░ RND █░░░░░░││██ ██ ██  ██ ██ ██  ██ ██ ██  ██ ██ █│█
 █ █ █ █     █                         ││██ ██ ██  ██ ██ ██  ██ ██ ██  ██ ██ █││
 █                                     ││   Q1        Q2        Q3        Q4  ││
│╰─────────────────────────────────────╯╰─────────────────────────────────────╯╰
│╭─────────────Line Chart──────────────╮╭──────────Canvas + Heatmap───────────╮╭
│││⣆⡄ ⢠⡀⡆ ⣀⣴⡀ ⢀⣦⡀ ⢰⢀⡄⢀⢤  ⣄⡆ ⣀⣄■ sin(t)⡄││⡏⣭⣭⡭⠭⠭⠭⠭⠍⠭⠭⠭⠩⠭⡉⣉⡉⣉⣉⣉⢉⣉⢉⠭⠍⠭⠭⠭⠩⠭⠭⠭⠭⢭⣭⣭⡇││
│││⢻⢱ ⡸⢸⢱ ⣿⣏⢱ ⣮⣿⡇ ⣎⡇⢣⢸⠸⡀⢰⢹⢱ ⣿⣹■ cos(t) ││⡇  ⠈⣉⣉⡲⠶⠦⠲⠶⠴⢊⣁⡉⡉⠈   ⠁⢉⢉⣈⡑⠦⠶⠖⠴⠶⢖⣉⣉⠁  ⡇│
   ⣾⠘⡄⡇⡞⣼⢰⡏⣿⢸⡇⡏⣿⣷ ⣿⢳⢸⢸⡄⡇⡎⢸⣼⡀⡏⡟■⡇     ⣿ ││⡇⡖⠋⠉⠁   ⢀⣀⣀⢀⠤⠄⠤⠚⠑⠋⠉⠙⠊⠓⠤⠠⠤⡀⣀⣀⡀   ⠈⠉⠙⢢⡇│
   ⠿⡆⡇⣇⢇⣿⣼⣿⠿⣠⣿⢃⢿⣿⢀⣿⡾⣸⣾⡇⡇⣷⣇⡏⣇⣿⠇⣧⣿⠇⣿⡇⣇⣷⡇⡇││⡇⣉⠷⠦⠶⠶⣉⣉⣁⡀                 ⢀⣈⣉⣉⠶⠶⠴⠾⣉⡇│
    ⣧⣷⢻⠃⡏⣿⢸⢠⡿⣿⢸⢸⡟⣾⢸⡇⡇⡏⢿⣷⠋⡏⡇⣿⢿ ⣿⣿⢠⢻⡇⣿⢸⢸⠃││⠧⠵⠶⠶⠶⠶⠶⠶⠶⠾⠼⠿⠯⠾⠿⠴⠶⠶⠶⠶⠶⠦⠿⠷⠽⠿⠧⠷⠶⠶⠶⠶⠶⠶⠶⠮⠇│
    ⢿⢸⡜  ⣿⢸⡸⢱⣽⡎⢸⢇⣿⡎⠸⣱⡇⠸⣸⢸ ⢸⢹⣸⢰⢹⣽⢸⢸⢣⢸⡎⠈⡆││Heatmap                              │
    ⠈⠎   ⠋⠇⠇ ⠛⠁⠈⠸⠙  ⠙⠃ ⠏⠃ ⠘⠙⠇⠏ ⠛⠁⠈⠈⠟⠃ ⠁││                                     │
                                     ──││                                     │
                                     ──╯╰─────────────────────────────────────╯╰
ab/Shift+Tab: next/prev       0x0 00:00 ────Cos────────────╮ ╭───────────Noise──
