1: Tour │ 2: Dash │ 3: Shakes │ 4: Code │ 5: Widgets │ 6: Layout │ 7: Forms │ 8:
╭────────────────────────────Performance Challenge─────────────────────────────╮
│PERFORMANCE CHALLENGE MODE — DEGRADATION TIERS                                │
│╭─────────────Real-Time Metrics──────────────╮╭─────Tick Intervals (µs)─────╮ │
││  Sim FPS:         9.0 (Minimum viable)     ││█  █  █  █  ▅  █ ▆█▇  ▄  █   │ │
││  Obs FPS:         9.0                      ││███ ▄ █ ▆ ▅  █ ████ ██ █ █   │ │
││  Frame time:      110.99ms avg             ││█▇▇ █  ██  █ ████ ██████▅████│ │
││  Tick rate:        9.0 tps                 ││█ ███  █▆████ ███████████▅█▅ │ │
││  Diff:             0.992ms (+0.0ms)        ││███  ██████ ██████████████   │ │
││  Render:          1.667ms (+0.0ms)         ││████                         │ │
││  Present:          0.672ms                 ││                             │ │
││  Budget Usage:     16.7%                   ││                             │ │
││                                            ││                             │ │
││avg:    110.99   p50:    110.87   p95:      ││                             │ │
││113.04   p99:    115.47                     ││                             │ │
││  min:    109.68   max:    115.47           ││                             │ │
││                                            ││                             │ │
││                                            ││                             │ │
││                                            ││                             │ │
││                                            ││                             │ │
│╰────────────────────────────────────────────╯╰─────────────────────────────╯ │
│0/120 budget:17ms | samples:2/120                                             │
╰──────────────────────────────────────────────────────────────────────────────╯
Performance Challenge [32/45]  default [h] [cmd] [p] [d]  Mouse: AUTO (alt:OFF)
