 1: Tour │ 2: Dash │ 3: Shakes │ 4: Code │ 5: Widgets │ 6: Layout │ 7: Forms
╭───────────────────────────────Form Validation────────────────────────────────╮
│╰────────────────────────────────────────────────────────────────────────────╯│
│╭────────────────────────Registration Form─────────────────────────╮╭────────╮│
││Username:         Enter username (required)                       ││No      ││
││Email:            user@example.com                                ││validati││
││Password:         Min 8 characters                                ││on      ││
││Confirm Password: Re-enter password                               ││errors  ││
││Age:                25                                            ││yet     ││
││Bio:              Max 100 characters                              ││        ││
││Website:          https://example.com                             ││        ││
││Role:               (Select a role)                               ││        ││
││Accept Terms:     [ ]                                             ││        ││
││                                                                  ││        ││
││                                                                  ││        ││
││                                                                  ││        ││
││                                                                  ││        ││
││                                                                  ││        ││
││                                                                  ││        ││
││                                                                  ││        ││
││                                                                  ││        ││
│╰──────────────────────────────────────────────────────────────────╯╰────────╯│
╰──────────────────────────────────────────────────────────────────────────────╯
Form Validation [27/45]  default [h] [cmd] [p] [d]  Mouse: AUTO (alt:OFF)
