 1: Tour │ 2: Dash │ 3: Shakes │ 4: Code │ 5: Widgets │ 6: Layout │ 7: Forms
╭────────────────────────────Terminal Capabilities─────────────────────────────╮
│╭───────────────────────────Terminal Capabilities────────────────────────────╮│
││Terminal Capability Matrix                                                  ││
││                                                                            ││
││Feature              Supported  Notes                                       ││
││───                  ─────────  ─────                                       ││
││True Color           ✓         24-bit color                                 ││
││Italic               ✓         Italic text                                  ││
││Bold                 ✓         Bold text                                    ││
││Underline            ✓         Underlined                                   ││
││Strikethrough        ✓         Strikethrough                                ││
││Overline             ✓         Overline                                     ││
││Dim                  ✓         Dimmed text                                  ││
││Reverse              ✓         Reversed colors                              ││
││Blink                ✓         Blinking text                                ││
││Hidden               ✓         Hidden text                                  ││
││Kitty Keyboard       ✓         Enhanced keys                                ││
││Bracketed Paste      ✓         Bracketed paste                              ││
││Synchronized Output  ✓         Sync updates                                 ││
││OSC-8 Links          ✓         Hyperlinks                                   ││
│╰────────────────────────────────────────────────────────────────────────────╯│
╰──────────────────────────────────────────────────────────────────────────────╯
Terminal Capabilities [12/45]  default [h] [cmd] [p] [d]  Mouse: AUTO (alt:OFF)
