1: Tour │ 2: Dash │ 3: Shakes │ 4: Code │ 5: Widgets │ 6: [Layout] │ 7: Forms │
╭──────────────────────────────────Layout Lab──────────────────────────────────╮
│Layout + Pane Studio  |  Preset: Flex Vertical  |  n/p: cycle presets  |  [/]:
│                                                                              │
│ ⢸⠭⠭⠭⠭⠭⠭⠭⠭⠭⠭⠭⠭⠭⠭⠭⠭⠭⠭⠭⠭⠭⠭⠭⠭⠭⠭⠭⠭⠭⢽ ⣏⣉⣉⣉⣉⣉⡇                                      │
│ ⢸⠒⠒⠒⠒⠒⠒⠒⠒⠒⠒⠒⠒⠒⠒⠒⠒⠒⠒⠒⠒⠒⠒⠒⠒⠒⠒⠒⠒⠒⢺ ⡧⠤⠤⠤⠤⠤⡇                                      │
│ ⢸⣉⣉⣉⣉⣉⣉⣉⣉⣉⣉⣉⣉⣉⣉⣉⣉⣉⣉⣉⣉⣉⣉⣉⣉⣉⣉⣉⣉⣉⣹ ⡗⠒⠒⠒⠒⠒⡇                                      │
│                                 ⣏⣉⣉⣉⣉⣉⡇                                      │
│                                                                              │
│                                                                              │
│                                                                              │
│                                                                              │
│                                                                              │
│                                                                              │
│                                                                              │
│                                                                              │
│                                                                              │
│                                                                              │
│                                                                              │
│                                                                              │
│                                                                              │
│FlexRoot req=44x15 got=44x15 min=0x0 | Fixed=44x3 | Min=44x4 | Max=44x6       │
╰──────────────────────────────────────────────────────────────────────────────╯
Layout Lab [6/45]  default [h] [cmd] [p] [d]  Mouse: AUTO (alt:OFF)
