 1: Tour │ 2: Dash │ 3: Shakes │ 4: Code │ 5: Widgets │ 6: Layout │ 7: Forms
╭───────────────────────────────Action Timeline────────────────────────────────╮
│╭──────────────────────────────Filters + Follow──────────────────────────────╮│
││Follow[F]: ON  Component[C]: all  Severity[S]: all  Type[T]: all  Clear[X]  ││
│╰────────────────────────────────────────────────────────────────────────────╯│
│╭────────────────Event Timeline────────────────╮╭───────────Detail───────────╮│
││4 ERROR render  cmd     Command dispatched to ││ID: 25                      ││
││model                                         ││Type: render                ││
││   3 WARN  render  model   State update queued││Severity: ERROR             ││
││   2 INFO  render  effect  Side-effect emitted││Component: render           ││
││   1 DEBUG render  diff    Frame diff computed││Action: cmd                 ││
││   0 INFO  runtime start   Runtime initialized││                            ││
││                                              ││Description:                ││
││                                              ││Command dispatched to model ││
││                                              ││for processing.             ││
││                                              ││                            ││
││                                              ││                            ││
││                                              ││                            ││
││                                              ││                            ││
││                                              ││                            ││
││                                              ││                            ││
│╰──────────────────────────────────────────────╯╰────────────────────────────╯│
╰──────────────────────────────────────────────────────────────────────────────╯
Action Timeline [22/45]  default [h] [cmd] [p] [d]  Mouse: AUTO (alt:OFF)
