 1: Tour │ 2: Dash │ 3: Shakes │ 4: Code │ 5: Widgets │ 6: Layout │ 7: Forms
╭───────────────────────────────Drag & Drop Lab────────────────────────────────╮
│╭─────────Sortable List─────────╮╭────Cross-Container────╮╭─────Keyboard─────╮│
││> Item 1                       ││Drop here              ││Tab: focus        ││
││  Item 2                       ││                       ││Space: pick up    ││
││  Item 3                       ││target A               ││Arrows: move      ││
││  Item 4                       ││target B               ││Enter: drop       ││
││  Item 5                       ││                       ││                  ││
││  Item 6                       ││                       ││                  ││
││  Item 7                       ││                       ││                  ││
││  Item 8                       ││                       ││                  ││
││                               ││                       ││                  ││
││                               ││                       ││                  ││
││                               ││                       ││                  ││
││                               ││                       ││                  ││
││                               ││                       ││                  ││
││                               ││                       ││                  ││
││                               ││                       ││                  ││
││                               ││                       ││                  ││
││                               ││                       ││                  ││
││                               ││                       ││                  ││
│╰───────────────────────────────╯╰───────────────────────╯╰──────────────────╯│
╰──────────────────────────────────────────────────────────────────────────────╯
Drag & Drop Lab [44/45]  default [h] [cmd] [p] [d]  Mouse: AUTO (alt:OFF)
