1: Tour │ 2: Dash │ 3: Shakes │ 4: Code │ 5: Widgets │ 6: Layout │ 7: Forms │ 8:
╭─────────────────────────────────Kanban Board─────────────────────────────────╮
│╭─────────────────────────────────Kanban                                      │
│Board─────────────────────────────────╮                                       │
││┏━━━━━━━━━━Todo━━━━━━━━━━┓╭──────In                                          │
│Progress───────╮╭──────────Done──────────╮│                                   │
││┃> Design login page     ┃│  Build nav component   ││  Project scaffolding   │
│││                                                                            │
││┃  [UI]                  ┃│  [UI]                  ││  [Ops]                 │
│││                                                                            │
││┃                        ┃│                        ││                        │
│││                                                                            │
││┃  Add input validation  ┃│  Implement auth flow   ││                        │
│││                                                                            │
││┃  [Logic]               ┃│  [Logic]               ││                        │
│││                                                                            │
││┃                        ┃│                        ││                        │
│││                                                                            │
││┃  Write unit tests      ┃│                        ││                        │
│││                                                                            │
││┃  [QA]                  ┃│                        ││                        │
│││                                                                            │
╰──────────────────────────────────────────────────────────────────────────────╯
Kanban Board [42/45]  default [h] [cmd] [p] [d]  Mouse: AUTO (alt:OFF)
