1: Tour │ 2: Dash │ 3: Shakes │ 4: Code │ 5: Widgets │ 6: Layout │ 7: Forms │ 8:
╭───────────────────────────────Mermaid Showcase───────────────────────────────╮
│┌──────┐     ┌─────────┐                                                      │
││ Start ├────>│ Decision │                                                    │
│└──────┘     └────┬────┘                                                      │
│                  │                                                           │
│            ┌─────┴─────┐                                                     │
│            │            │                                                    │
│            ▼            ▼                                                    │
│       ┌────────┐  ┌────────┐                                                 │
│       │Process │  │  End   │                                                 │
│       └────────┘  └────────┘                                                 │
│                                                                              │
│                                                                              │
│                                                                              │
│                                                                              │
│                                                                              │
│                                                                              │
│                                                                              │
│                                                                              │
│                                                                              │
│                                                                              │
╰──────────────────────────────────────────────────────────────────────────────╯
Mermaid Showcase [16/45]  default [h] [cmd] [p] [d]  Mouse: AUTO (alt:OFF)
