 1: Tour │ 2: Dash │ 3: Shakes │ 4: Code │ 5: Widgets │ 6: Layout │ 7: Forms
╭─────────────────────────────────Theme Studio─────────────────────────────────╮
│╭────────────────────────────────Theme Studio────────────────────────────────╮│
││Current Theme: Cyberpunk Aurora                                             ││
││                                                                            ││
││Palette:                                                                    ││
││  Background:  #0A0E14                                                      ││
││  Foreground:  #C8D2DC                                                      ││
││  Primary:     #5CCFE6                                                      ││
││  Secondary:   #B8CFE6                                                      ││
││  Accent:      #FFCC66                                                      ││
││  Success:     #A6E3A1                                                      ││
││  Warning:     #F9E2AF                                                      ││
││  Error:       #F38BA8                                                      ││
││                                                                            ││
││Presets:                                                                    ││
││  1. Cyberpunk Aurora (current)                                             ││
││  2. Solarized Dark                                                         ││
││  3. Dracula                                                                ││
││  4. Nord                                                                   ││
││  5. Monokai                                                                ││
│╰────────────────────────────────────────────────────────────────────────────╯│
╰──────────────────────────────────────────────────────────────────────────────╯
Theme Studio [30/45]  default [h] [cmd] [p] [d]  Mouse: AUTO (alt:OFF)
