 1: Tour │ 2: Dash │ 3: Shakes │ 4: Code │ 5: Widgets │ 6: Layout │ 7: [Forms]
╭────────────────────────────────Forms & Input─────────────────────────────────╮
│╭──────────Registration Form──────────╮╭────Password─────╮╭───Text Editor───╮ │
││ DRAFT   REQ 0/3   ERR 0   FIELDS 3/6││Password         ││1  Hello, world! │ │
││Name *:         Enter your name...   ││                 ││2                │ │
││Email *:        user@example.com     ││                 ││3  This is a     │ │
││Role:             Developer          ││                 ││multi-line       │ │
││Theme:          (1) Light            ││                 ││4  text area with│ │
││Age:              25                 ││                 ││5  line numbers. │ │
││Accept Terms *: [ ]                  ││                 ││6                │ │
││                                     ││                 ││7  Use Ctrl+S to │ │
││                                     ││                 ││save.            │ │
││                                     ││                 ││                 │ │
││                                     ││                 ││                 │ │
││                                     ││                 ││                 │ │
││                                     ││                 ││                 │ │
│╰─────────────────────────────────────╯│                 ││                 │ │
│╭───────────────Search────────────────╮│                 ││                 │ │
││Search...                            ││                 ││                 │ │
││                                     ││                 ││                 │ │
││                                     ││                 ││                 │ │
│╰─────────────────────────────────────╯╰─────────────────╯╰─────────────────╯ │
╰──────────────────────────────────────────────────────────────────────────────╯
Forms & Input [7/45]  default [h] [cmd] [p] [d]  Mouse: AUTO (alt:OFF)
