 1: Tour │ 2: Dash │ 3: Shakes │ 4: Code │ 5: Widgets │ 6: Layout │ 7: Forms
╭────────────────────────────────Widget Builder────────────────────────────────╮
│╭───────────────────────────────Widget Builder───────────────────────────────╮│
││Widget Type: Paragraph                                                      ││
││                                                                            ││
││Properties:                                                                 ││
││  text: "Hello, FrankenTUI!"                                                ││
││  alignment: Left                                                           ││
││  wrap: Word                                                                ││
││  style: Default                                                            ││
││                                                                            ││
││Output:                                                                     ││
││Hello, FrankenTUI!                                                          ││
││                                                                            ││
││                                                                            ││
││                                                                            ││
││                                                                            ││
││                                                                            ││
││                                                                            ││
││                                                                            ││
││                                                                            ││
│╰────────────────────────────────────────────────────────────────────────────╯│
╰──────────────────────────────────────────────────────────────────────────────╯
Widget Builder [38/45]  default [h] [cmd] [p] [d]  Mouse: AUTO (alt:OFF)
