 1: Tour │ 2: Dash │ 3: Shakes │ 4: Code │ 5: Widgets │ 6: Layout │ 7: Forms
╭─────────────────────────────────VOI Overlay──────────────────────────────────╮
│╭────────────────────────────────VOI Overlay─────────────────────────────────╮│
││Value of Information Analysis  |  focus: Decision  |  Tab:section  v:detail ││
││n/p:ledger                                                                  ││
││                                                                            ││
││Decision: Render strategy                                                   ││
││  Alternatives: Full redraw (500µs) | Dirty rows (250µs) | Skip (0µs)       ││
││  Expected Value: Full=0.85  Dirty=0.92  Skip=0.45                          ││
││  Selected: Dirty rows  Confidence: 0.92                                    ││
││                                                                            ││
││Posterior: Beta(α=42, β=8)  Mean: 0.84  Variance: 0.003                     ││
││  Evidence: 50 observations  |  Prior: Beta(1,1)                            ││
││                                                                            ││
││                                                                            ││
││                                                                            ││
││                                                                            ││
││                                                                            ││
││                                                                            ││
││                                                                            ││
││                                                                            ││
│╰────────────────────────────────────────────────────────────────────────────╯│
╰──────────────────────────────────────────────────────────────────────────────╯
VOI Overlay [35/45]  default [h] [cmd] [p] [d]  Mouse: AUTO (alt:OFF)
