1: Tour │ 2: Dash │ 3: Shakes │ 4: Code │ 5: Widgets │ 6: Layout │ 7: Forms │ 8:
╭─────────────────────────────────Async Tasks──────────────────────────────────╮
│╭─────────────────────────────────Job Queue──────────────────────────────────╮│
││● Task 1: Port widgets      [████████░░] 80% ACTIVE                         ││
││● Task 2: Add test suite    [██████░░░░] 60% ACTIVE                         ││
││● Task 3: Fix layout bug    [██████████] 100% DONE                          ││
││○ Task 4: Deploy to staging [░░░░░░░░░░] 0% PENDING                         ││
││○ Task 5: Run benchmarks    [░░░░░░░░░░] 0% PENDING                         ││
││                                                                            ││
││                                                                            ││
││                                                                            ││
││                                                                            ││
││                                                                            ││
││                                                                            ││
││                                                                            ││
││                                                                            ││
││                                                                            ││
││                                                                            ││
││                                                                            ││
│╰────────────────────────────────────────────────────────────────────────────╯│
│╭────────────────────────────────────────────────────────────────────────────╮│
│╰────────────────────────────────────────────────────────────────────────────╯│
╰──────────────────────────────────────────────────────────────────────────────╯
Async Tasks [29/45]  default [h] [cmd] [p] [d]  Mouse: AUTO (alt:OFF)
