1: Tour │ 2: Dash │ 3: Shakes │ 4: Code │ 5: Widgets │ 6: Layout │ 7: Forms │ 8:
╭─────────────────────────────────File Browser─────────────────────────────────╮
│📁 src/  |  Files: 12  |  Modified: today  |  Sort: name                      │
│╭───────────────Files───────────────╮╭────────────────Preview────────────────╮│
││📁 FrankenTui.Core/                ││// FrankenTui.sln                      ││
││  📄 Rect.cs                       ││                                       ││
││  📄 Cell.cs                       ││Microsoft Visual Studio Solution File  ││
││📁 FrankenTui.Render/              ││Format Version 12.00                   ││
││  📄 Buffer.cs                     ││# Visual Studio Version 17             ││
││  📄 Frame.cs                      ││                                       ││
││📁 FrankenTui.Widgets/             ││Project("{FAE04EC0-301F-11D3-BF4B-00C04││
││  📄 Block.cs                      ││F79EFBC}")                             ││
││  📄 Paragraph.cs                  ││                                       ││
││  📄 Table.cs                      ││                                       ││
││📁 FrankenTui.Runtime/             ││                                       ││
││  📄 Program.cs                    ││                                       ││
││📄 FrankenTui.sln                  ││                                       ││
││                                   ││                                       ││
││                                   ││                                       ││
││                                   ││                                       ││
││                                   ││                                       ││
│╰───────────────────────────────────╯╰───────────────────────────────────────╯│
╰──────────────────────────────────────────────────────────────────────────────╯
File Browser [9/45]  default [h] [cmd] [p] [d]  Mouse: AUTO (alt:OFF)
