 1: Tour │ 2: Dash │ 3: Shakes │ 4: Code │ 5: Widgets │ 6: Layout │ 7: Forms
╭─────────────────────────────Advanced Text Editor─────────────────────────────╮
│╭────────────────────────────────────────────────────────────────────────────╮│
││ 1 │ use std::collections::HashMap;                                         ││
││ 2 │                                                                        ││
││ 3 │ fn main() {                                                            ││
││ 4 │     let mut map = HashMap::new();                                      ││
││ 5 │     map.insert("key", "value");                                        ││
││ 6 │                                                                        ││
││ 7 │     for (k, v) in &map {                                               ││
││ 8 │         println!("{k}: {v}");                                          ││
││ 9 │     }                                                                  ││
││10 │ }                                                                      ││
││11 │                                                                        ││
││12 │ // TODO: Add error handling                                            ││
││13 │ // TODO: Add unit tests                                                ││
││14 │                                                                        ││
││15 │ #[cfg(test)]                                                           ││
│╰────────────────────────────────────────────────────────────────────────────╯│
│╭────────────────────────────────────────────────────────────────────────────╮│
││Find: []  |  Replace: []  |  Matches: 0                                     ││
│╰────────────────────────────────────────────────────────────────────────────╯│
╰──────────────────────────────────────────────────────────────────────────────╯
Advanced Text Editor [25/45]  default [h] [cmd] [p] [d]  Mouse: AUTO (alt:OFF)
