 1: Tour │ 2: Dash │ 3: Shakes │ 4: Code │ 5: Widgets │ 6: Layout │ 7: Forms
╭──────────────────────────────────Log Search──────────────────────────────────╮
│╭───────────────────────────────────Search───────────────────────────────────╮│
│╰────────────────────────────────────────────────────────────────────────────╯│
│╭──────────────────────────────────Controls──────────────────────────────────╮│
│╰────────────────────────────────────────────────────────────────────────────╯│
│╭────────────────────────────────Log Entries─────────────────────────────────╮│
││[0001] DEBUG db::pool           Event #00001: log entry with payload data   ││
││[0002]  WARN auth::jwt          Event #00002: log entry with payload data   ││
││[0003] ERROR cache::redis       Event #00003: log entry with payload data   ││
││[0004] TRACE queue::worker      Event #00004: log entry with payload data   ││
││[0005]  INFO server::http       Event #00005: log entry with payload data   ││
││[0006] DEBUG db::pool           Event #00006: log entry with payload data   ││
││[0007]  WARN auth::jwt          Event #00007: log entry with payload data   ││
││[0008] ERROR cache::redis       Event #00008: log entry with payload data   ││
││[0009] TRACE queue::worker      Event #00009: log entry with payload data   ││
││[0010]  INFO server::http       Event #00010: log entry with payload data   ││
││                                                                            ││
││                                                                            ││
││                                                                            ││
││                                                                            ││
│╰────────────────────────────────────────────────────────────────────────────╯│
╰──────────────────────────────────────────────────────────────────────────────╯
Log Search [20/45]  default [h] [cmd] [p] [d]  Mouse: AUTO (alt:OFF)
