 1: Tour │ 2: Dash │ 3: Shakes │ 4: Code │ 5: Widgets │ 6: Layout │ 7: Forms
╭───────────────────────────────Mouse Playground───────────────────────────────╮
│╭────────────────────────────────────────────────────────────────────────────╮│
│╰────────────────────────────────────────────────────────────────────────────╯│
│╭────────────────────────────────Hit Targets─────────────────────────────────╮│
││┌─ Button 1 ─┐  ┌─ Button 2 ─┐                                              ││
│││   Click!   │  │   Click!   │                                              ││
││└────────────┘  └────────────┘                                              ││
││                                                                            ││
││┌─ Toggle ───┐                                                              ││
│││  [ ] OFF   │                                                              ││
││└────────────┘                                                              ││
││                                                                            ││
││Drag: idle  |  Hit-test: active                                             ││
││                                                                            ││
││                                                                            ││
││                                                                            ││
││                                                                            ││
││                                                                            ││
││                                                                            ││
││                                                                            ││
│╰────────────────────────────────────────────────────────────────────────────╯│
╰──────────────────────────────────────────────────────────────────────────────╯
Mouse Playground [26/45]  default [h] [cmd] [p] [d]  Mouse: AUTO (alt:OFF)
