1: Tour │ 2: Dash │ 3: Shakes │ 4: Code │ 5: Widgets │ 6: Layout │ 7: Forms │ 8:
╭─────────────────────────Command Palette Evidence Lab─────────────────────────╮
│╭────────────────────────────────────────────────────────────────────────────╮│
│╰────────────────────────────────────────────────────────────────────────────╯│
│╭────────────Command Palette─────────────╮╭─────────────Evidence─────────────╮│
││>log                                    ││Selected: Go to Log Search        ││
││> [Navigation] Go to Log Search         ││Match: Substring on "log"         ││
││> log_search  screen                    ││MatchType: BestFirst              ││
││                                        ││Position: 6                       ││
││                                        ││WordBoundary: false               ││
││                                        ││TitleLength: 22                   ││
││                                        ││Score: 0.87                       ││
││                                        ││                                  ││
││                                        ││                                  ││
││                                        ││                                  ││
││                                        ││                                  ││
││                                        ││                                  ││
││                                        ││                                  ││
││                                        ││                                  ││
││                                        ││                                  ││
││                                        ││                                  ││
│╰────────────────────────────────────────╯╰──────────────────────────────────╯│
╰──────────────────────────────────────────────────────────────────────────────╯
Command Palette Evidence Lab [39/45]  default [h] [cmd] [p] [d]  Mouse: AUTO
