 1: Tour │ 2: Dash │ 3: Shakes │ 4: Code │ 5: Widgets │ 6: Layout │ 7: Forms
╭─────────────────────────────Live Markdown Editor─────────────────────────────╮
│╭───────────────Editor────────────────╮╭───────────────Preview───────────────╮│
││# Hello World                        ││Hello World                          ││
││                                     ││                                     ││
││This is **bold** and *italic* text.  ││This is bold and italic text.        ││
││                                     ││                                     ││
││- List item 1                        ││• List item 1                        ││
││- List item 2                        ││• List item 2                        ││
││                                     ││                                     ││
││`inline code`                        ││inline code                          ││
││                                     ││                                     ││
││```                                  ││code block                           ││
││code block                           ││                                     ││
││```                                  ││                                     ││
││                                     ││                                     ││
││                                     ││                                     ││
││                                     ││                                     ││
││                                     ││                                     ││
││                                     ││                                     ││
││                                     ││                                     ││
│╰─────────────────────────────────────╯╰─────────────────────────────────────╯│
╰──────────────────────────────────────────────────────────────────────────────╯
Live Markdown Editor [43/45]  default [h] [cmd] [p] [d]  Mouse: AUTO (alt:OFF)
