 1: Tour │ 2: Dash │ 3: Shakes │ 4: Code │ 5: Widgets │ 6: Layout │ 7: Forms
╭──────────────────────────────Time-Travel Studio──────────────────────────────╮
│╭─────────────────────────────Time-Travel Studio─────────────────────────────╮│
││Snapshots: 42 captured                                                      ││
││Current: frame 24/42                                                        ││
││                                                                            ││
││Playback: ▶ Playing (1.0x)                                                  ││
││                                                                            ││
││Controls:                                                                   ││
││  Space  play/pause                                                         ││
││  ←/→    step frame                                                         ││
││  Home   first frame                                                        ││
││  End    last frame                                                         ││
││  r      record new snapshot                                                ││
││  c      clear all                                                          ││
││                                                                            ││
││Timeline:                                                                   ││
││  [0]──[10]──[20]──▶[24]──[30]──[40]                                        ││
││                                                                            ││
││Snapshot size: 1920 cells                                                   ││
││Compression: none                                                           ││
│╰────────────────────────────────────────────────────────────────────────────╯│
╰──────────────────────────────────────────────────────────────────────────────╯
Time-Travel Studio [31/45]  default [h] [cmd] [p] [d]  Mouse: AUTO (alt:OFF)
