 1: Tour │ 2: Dash │ 3: Shakes │ 4: Code │ 5: Widgets │ 6: Layout │ 7: Forms
╭────────────────────────────Explainability Cockpit────────────────────────────╮
│╭───────────────────────────Explainability Cockpit───────────────────────────╮│
││Diff Decision Evidence  |  Frame: 42  |  Mode: Full                         ││
││                                                                            ││
││Strategy: Dirty Rows (3 rows, 15 cells)                                     ││
││Cost: 250µs (vs 500µs full redraw)                                          ││
││                                                                            ││
││Why dirty rows?                                                             ││
││  Posterior mean: 0.87  Risk tolerance: 0.10                                ││
││  Budget pressure: low (12.6%)                                              ││
││  Hysteresis: not triggered  Cooldown: 0 frames                             ││
││                                                                            ││
││Budget: Used 2.1ms/16.7ms (12.6%)                                           ││
││Degradation: None  Recovery: N/A                                            ││
││                                                                            ││
││                                                                            ││
││                                                                            ││
││                                                                            ││
││                                                                            ││
││                                                                            ││
│╰────────────────────────────────────────────────────────────────────────────╯│
╰──────────────────────────────────────────────────────────────────────────────╯
Explainability Cockpit [33/45]  default [h] [cmd] [p] [d]  Mouse: AUTO (alt:OFF)
