 1: Tour │ 2: Dash │ 3: Shakes │ 4: Code │ 5: Widgets │ 6: Layout │ 7: Forms
╭────────────────────────────Performance Challenge─────────────────────────────╮
│╭──────────────────────────────Performance HUD───────────────────────────────╮│
││Frame: 0                                                                    ││
││FPS: 60.0                                                                   ││
││Frame Time: 16.7ms                                                          ││
││                                                                            ││
││Diff: 250µs                                                                 ││
││Render: 500µs                                                               ││
││Present: 250µs                                                              ││
││Total: 1.0ms                                                                ││
││                                                                            ││
││Budget: 16.7ms                                                              ││
││Used: 1.0ms (6.0%)                                                          ││
││Headroom: 15.7ms                                                            ││
││                                                                            ││
││Degradation: None                                                           ││
││Strategy: Full                                                              ││
││Dirty Rows: 0                                                               ││
││Buffer Size: 1920 cells                                                     ││
││                                                                            ││
│╰────────────────────────────────────────────────────────────────────────────╯│
╰──────────────────────────────────────────────────────────────────────────────╯
Performance Challenge [32/45]  default [h] [cmd] [p] [d]  Mouse: AUTO (alt:OFF)
