 1: Tour │ 2: Dash │ 3: Shakes │ 4: Code │ 5: Widgets │ 6: Layout │ 7: Forms
╭───────────────────────────────Form Validation────────────────────────────────╮
│╭────────────────────────────────────────────────────────────────────────────╮│
││Mode: Real-time [M to toggle]  |  Errors: 0  |  Warnings: 0                 ││
││                                                                            ││
││                                                                            ││
││                                                                            ││
││                                                                            ││
││                                                                            ││
││                                                                            ││
││                                                                            ││
││                                                                            ││
││                                                                            ││
││                                                                            ││
││                                                                            ││
│╰────────────────────────────────────────────────────────────────────────────╯│
│╭──────────────Registration Form───────────────╮╭─────────Validation─────────╮│
││Username:         Enter username (required)   ││No validation errors yet.   ││
││Email:            user@example.com            ││                            ││
││Password:         Min 8 characters            ││All fields pass initial     ││
││Confirm Password: Re-enter password           ││checks.                     ││
│╰──────────────────────────────────────────────╯╰────────────────────────────╯│
╰──────────────────────────────────────────────────────────────────────────────╯
Form Validation [27/45]  default [h] [cmd] [p] [d]  Mouse: AUTO (alt:OFF)
