 1: Tour │ 2: Dash │ 3: Shakes │ 4: Code │ 5: Widgets │ 6: Layout │ 7: Forms
╭────────────────────────────────Notifications─────────────────────────────────╮
│╭──────Notification Demo──────╮╭─────────────Notification Stack──────────────╮│
││Press keys to trigger        ││No active notifications.                     ││
││notifications:               ││                                             ││
││                             ││Notifications appear here with               ││
││  s  Success                 ││swipe-to-dismiss and action buttons.         ││
││  e  Error with Retry        ││                                             ││
││  w  Warning                 ││                                             ││
││  i  Info                    ││                                             ││
││  u  Urgent with Ack/Snooze  ││                                             ││
││  d  Dismiss all             ││                                             ││
││                             ││                                             ││
││Queue: 0 visible, 0 pending  ││                                             ││
││Total shown: 0               ││                                             ││
││Last action: (none)          ││                                             ││
││                             ││                                             ││
││                             ││                                             ││
││                             ││                                             ││
││                             ││                                             ││
││                             ││                                             ││
│╰─────────────────────────────╯╰─────────────────────────────────────────────╯│
╰──────────────────────────────────────────────────────────────────────────────╯
Notifications [21/45]  default [h] [cmd] [p] [d]  Mouse: AUTO (alt:OFF)
