 1: Tour │ 2: Dash │ 3: Shakes │ 4: Code │ 5: Widgets │ 6: Layout │ 7: Forms
╭───────────────────────────────Mouse Playground───────────────────────────────╮
│╭──────────────────────────────Mouse Playground──────────────────────────────╮│
││Mouse Position: (40, 12)                                                    ││
││Last Event: Move                                                            ││
││Button: None                                                                ││
││                                                                            ││
││Click targets:                                                              ││
││                                                                            ││
││┌─ Button 1 ─┐  ┌─ Button 2 ─┐                                              ││
│││   Click!   │  │   Click!   │                                              ││
││└────────────┘  └────────────┘                                              ││
││                                                                            ││
││┌─ Toggle ───┐                                                              ││
│││  [ ] OFF   │                                                              ││
││└────────────┘                                                              ││
││                                                                            ││
││Scroll: 0                                                                   ││
││Drag: idle                                                                  ││
││Hit-test: active                                                            ││
││                                                                            ││
│╰────────────────────────────────────────────────────────────────────────────╯│
╰──────────────────────────────────────────────────────────────────────────────╯
Mouse Playground [26/45]  default [h] [cmd] [p] [d]  Mouse: AUTO (alt:OFF)
