 1: Tour   2: Dash   3: Shakes   4: Code   5: Widgets   6: Layout   7: Forms   8
┌─ Notifications ──────────────────────────────────────────────────────────────┐
│┌─ Notification Demo [success f┌─ Notification Stack [toast 0] ──────────────┐│
││Press keys to trigger        ││Priority   Toast      Actions    TTL         ││
││notifications:               ││Urgent     Critical AlAck / Snoozpersistent  ││
││                             ││High       Error      Retry      8s          ││
││  s  Success notification    ││Normal     Operation c-mpleted   5s          ││
││  e  Error with Retry action ││Normal     Low disk sp-ce        6s          ││
││  w  Warning notification    ││Low        Update avai-able      4s          ││
││  i  Info notification       ││                                             ││
││u  Urgent with Ack/Snooze    ││                                             ││
││actions                      ││                                             ││
││d  Dismiss all notifications │└─────────────────────────────────────────────┘│
││                             │┌─ Toast Queue Lifecycle ─────────────────────┐│
││Queue: 1 visible, 4 pending  ││Lifecycle                                    ││
││Config: max_visible=4        ││push -> display -> auto-dismiss              ││
││max_queued=20                ││manual dismiss -> promote pending            ││
││Position: TopRight           ││action invocation -> last_action             ││
││Selected trigger: success    ││Scroll offset: 0                             ││
││Selected toast: 0            ││                                             ││
││Focus: 0 focus               ││Toast styles                                 ││
│└─────────────────────────────┘└─────────────────────────────────────────────┘│
└──────────────────────────────────────────────────────────────────────────────┘
Notifications [21/45]  default [h] [cmd] [p] [d]  Mouse: AUTO (alt:OFF)
