1: Tour │ 2: Dash │ 3: [Shakes] │ 4: Code │ 5: Widgets │ 6: Layout │ 7: Forms │
╭─────────────────────────────────Shakespeare──────────────────────────────────╮
│╭───────────────────────────────────Search───────────────────────────────────╮│
│╰────────────────────────────────────────────────────────────────────────────╯│
│╭────────────────────────────────Shakespeare─────────────────────────────────╮│
││To be, or not to be, that is the question:                                  ││
││Whether 'tis nobler in the mind to suffer                                   ││
││The slings and arrows of outrageous fortune,                                ││
││Or to take arms against a sea of troubles,                                  ││
││And by opposing end them. To die: to sleep;                                 ││
││                                                                            ││
││                                                                            ││
││                                                                            ││
││                                                                            ││
││                                                                            ││
││                                                                            ││
││                                                                            ││
││                                                                            ││
││                                                                            ││
││                                                                            ││
││                                                                            ││
│╰────────────────────────────────────────────────────────────────────────────╯│
╰──────────────────────────────────────────────────────────────────────────────╯
Shakespeare [3/45]  default [h] [cmd] [p] [d]  Mouse: AUTO (alt:OFF)
