 1: Tour │ 2: Dash │ 3: Shakes │ 4: Code │ 5: Widgets │ 6: Layout │ 7: Forms
╭─────────────────────────────────VOI Overlay──────────────────────────────────╮
│╭────────────────────────────────VOI Overlay─────────────────────────────────╮│
││Value of Information Analysis                                               ││
││                                                                            ││
││Current Decision: Render strategy                                           ││
││Alternatives:                                                               ││
││  1. Full redraw (cost: 500µs)                                              ││
││  2. Dirty rows (cost: 250µs)                                               ││
││  3. Skip frame (cost: 0µs)                                                 ││
││                                                                            ││
││Expected Value:                                                             ││
││  Full:    0.85                                                             ││
││  Dirty:   0.92                                                             ││
││  Skip:    0.45                                                             ││
││                                                                            ││
││Decision: Dirty rows                                                        ││
││Confidence: 0.92                                                            ││
││                                                                            ││
││Evidence:                                                                   ││
││  - Posterior mean: 0.87                                                    ││
│╰────────────────────────────────────────────────────────────────────────────╯│
╰──────────────────────────────────────────────────────────────────────────────╯
VOI Overlay [35/45]  default [h] [cmd] [p] [d]  Mouse: AUTO (alt:OFF)
