 1: Tour │ 2: Dash │ 3: Shakes │ 4: Code │ 5: Widgets │ 6: Layout │ 7: Forms
╭────────────────────────────────Visual Effects────────────────────────────────╮
│╭───────────────────────────────Visual Effects───────────────────────────────╮│
││Effect: Matrix Rain                                                         ││
││FPS: 60  |  Particles: 500                                                  ││
││Speed: 1.0x  |  Density: high                                               ││
││Color: #00FF00                                                              ││
││                                                                            ││
││Controls:                                                                   ││
││  Space  play/pause                                                         ││
││  ←/→    cycle effects                                                      ││
││  ↑/↓    adjust speed                                                       ││
││  r      reset                                                              ││
││  c      cycle colors                                                       ││
││  d      toggle debug                                                       ││
││                                                                            ││
││Effects:                                                                    ││
││  Matrix Rain  •  Fire  •  Snow                                             ││
││  Plasma  •  Starfield  •  Conway                                           ││
││  Particles  •  Wave  •  Vortex                                             ││
││                                                                            ││
│╰────────────────────────────────────────────────────────────────────────────╯│
╰──────────────────────────────────────────────────────────────────────────────╯
Visual Effects [18/45]  default [h] [cmd] [p] [d]  Mouse: AUTO (alt:OFF)
