1: Tour │ 2: Dash │ 3: Shakes │ 4: Code │ 5: Widgets │ 6: Layout │ 7: Forms │ 8:
╭────────────────────────────────Visual Effects────────────────────────────────╮
│vfx mouse focus=0 effect_idx=2 effect=plasma harness_scroll=0                 │
│╭────────────────Plasma────────────────╮╭──────────────Harness───────────────╮│
││⣿⠋        ⢾⣿⣿⣿⣿⣿⠿⠛⠁     ⡀⠘⢿⣿⣿⣿⣿⣿⣄     ││Effect: plasma                      ││
││⠁            ⢀⠔⠁      ⡠⠊   ⠙⣿⣿⣿⣿⣿⣆    ││Label: Plasma                       ││
││ ⢀⣴⣶⣿⠆     ⢀⠔⢁⣤⣶⣶⣦⣄⡀⡠⠊      ⢈⠿⣿⣿⣿⣿⣆   ││Renderer:                           ││
││⣰⣿⣿⣿⡟    ⢀⠔⠁⣴⣿⣿⣿⣿⣿⣿⣿⠆     ⢀⠔⠁ ⠈⠛⠿⣿⣿⡀  ││local-effect-braille-canvas         ││
││⣿⣿⣿⣿⠁  ⢀⠔⠁ ⣼⣿⣿⣿⣿⣿⠟⠋     ⢀⢿⣿⣿⣶⣄   ⡈⠉   ││Mode: braille                       ││
││⣿⣿⣿⡏ ⢀⠔⠁  ⣸⣿⣿⣿⡿⠋      ⢀⠔⠁⠈⢿⣿⣿⣿⣧⡠⠊     ││focus=0                             ││
││⣿⣿⣿⢁⠔⠁    ⠻⠛⡩⠊  ⣀⣀⣀ ⢀⠔⠁   ⠘⣿⣿⣿⣿⡇      ││harness_scroll=0                    ││
││⣿⣿⣿⠁      ⡠⠊  ⢀⣾⣿⣿⣿⣷⡅      ⣹⣿⣿⣿⣷      ││                                    ││
││⣿⣿⣿     ⡠⠊    ⢸⣿⣿⣿⣿⠁     ⡠⠊⢸⣿⣿⣿⣿ ⢀⠔⠁  ││Layered trigonometric plasma field. ││
││⣿⣿⣿   ⡠⠊      ⢘⣿⣿⣿⣿⣷⠆  ⡠⠊  ⢸⣿⣿⣿⣿⠔⠁    ││                                    ││
││⣿⣿⣿ ⡠⠊    ⣠⣀⢀⠔⠁⠈⠛⠛⠛⠁ ⡠⠊   ⢀⣿⣿⣿⣿⡇      ││                                    ││
││⣿⣿⣿⡏      ⢻⣿⣿⣶⣄⡀   ⡠⠊     ⣼⣿⣿⣿⡿⠁      ││                                    ││
││⣿⣿⣿⣿    ⢀⠔⠉⢿⣿⣿⣿⣿⣶⣤⡊      ⣼⣿⣿⣿⠟⠁       ││                                    ││
││⢻⣿⣿⣿⣇  ⠔⠁  ⠈⢿⣿⣿⣿⣿⣿⣿⣶⡄  ⢀⠔⠉⠉⠉   ⣀⣤⣾⣿⠂  ││                                    ││
││ ⠙⢿⣿⣿⡄       ⡹⠿⣿⣿⡿⠟⠋ ⢀⠔⠁     ⣠⣾⣿⣿⣿⡟   ││                                    ││
││    ⠉      ⠠⠊      ⢀⠔⠁     ⢀⣾⣿⣿⣿⣿⡟    ││                                    ││
││⣷⡀        ⣴⣶⣶⣶⣶⣶⣤⣀⠔⠁     ⢀⣴⣿⣿⣿⣿⣿⠟     ││                                    ││
│╰──────────────────────────────────────╯╰────────────────────────────────────╯│
╰──────────────────────────────────────────────────────────────────────────────╯
Visual Effects [18/45]  default [h] [cmd] [p] [d]  Mouse: AUTO (alt:OFF)
