1: [Tour] │ 2: Dash │ 3: Shakes │ 4: Code │ 5: Widgets │ 6: Layout │ 7: Forms │
╭─────────────────────────────────Guided Tour──────────────────────────────────╮
│FRANKENTUI DASHBOARD  |  1/16 · Tour · LIVE  |  Speed 1.00x                   │
│                       ⠹⣿⣿⣿⣿⣿⣿⣿⣿⣿⣿⣿⣿⣿⣿⣿⣿⣿⣿⣿⣿⣿⣿Charts · Pulse                  │
│                        ⠈⠛⢿⣿⣿⣿⣿⣿⣿⣿⣿⣿⣿⣿⣿⣿⣿⣿⣿⣿⣿⣿CPU ▃▃▂▂▁▁▄▃▄▂ 38%              │
│                           ⠙⠿⣿⣿⣿⣿⣿⣿⣿⣿⣿⣿⣿⣿⣿⣿⣿⣿⣿MEM ▅▂▃▁▄▄▂▂▇▅ 41%              │
│                             ⠈⠛⠿⣿⣿⣿⣿⣿⣿⣿⣿⣿⣿⣿⣿⣿⣿NET ▁▁▁▁▁ ▁ ▇▁▁ 125             │
│                                ⠈⠙⠻⠿⣿⣿⣿⣿⣿⣿⣿⣿⣿⡿OUT ▁▁▁▃▁█ ▁▁ 134               │
│                                     ⠈⠉⠉⠉⠉⠉⠉  EPS █ 74% DSK █ 66%             │
│                                                                              │
│                                                                              │
│                                                                              │
│                                                                              │
│                                                                              │
│                                                                              │
│                                                                              │
│                                                                              │
│                                                                              │
│                                                                              │
│                                                                              │
│                                                                              │
│                                                                              │
╰──────────────────────────────────────────────────────────────────────────────╯
Guided Tour [1/45]  default [h] [cmd] [p] [d]  Mouse: AUTO (alt:OFF)
