1: Tour │ 2: Dash │ 3: Shakes │ 4: Code │ 5: Widgets │ 6: Layout │ 7: Forms │ 8:
╭───────────────────────────────────Advanced───────────────────────────────────╮
│╭─────Patterns [focus selected 0]──────╮╭─────────────Composite──────────────╮│
││› inline mode contract                ││advanced mouse focus=0 context=clear││
││runtime input pipeline                ││Selected pattern: 0                 ││
││evidence capture                      ││Composite mode: porting             ││
││SIMD acceleration                     ││Context action: clear               ││
││web parity reuse                      ││                                    ││
││                                      ││This screen groups the port-specific││
││                                      ││composites that now sit under an    ││
││                                      ││upstream-shaped showcase shell      ││
││                                      ││instead of the earlier hosted-parity││
││                                      ││dashboard.                          ││
││                                      ││                                    ││
││                                      ││                                    ││
││                                      ││                                    ││
││                                      ││                                    ││
││                                      ││                                    ││
││                                      ││                                    ││
││                                      ││                                    ││
││                                      ││                                    ││
│╰──────────────────────────────────────╯╰────────────────────────────────────╯│
╰──────────────────────────────────────────────────────────────────────────────╯
Advanced [10/45]  default [h] [cmd] [p] [d]  Mouse: AUTO (alt:OFF)
