 1: Tour │ 2: Dash │ 3: Shakes │ 4: Code │ 5: Widgets │ 6: Layout │ 7: Forms
╭──────────────────────────────Virtualized Search──────────────────────────────╮
│╭─────────────────────────────Virtualized Search─────────────────────────────╮│
││Search: [type to filter]  |  Showing 0-19 of 10,000  |  Scroll: 0           ││
││                                                                            ││
││[0000] Item #00000 — This is a virtualized list entry with some content for ││
││item number 0                                                               ││
││[0001] Item #00001 — This is a virtualized list entry with some content for ││
││item number 1                                                               ││
││[0002] Item #00002 — This is a virtualized list entry with some content for ││
││item number 2                                                               ││
││[0003] Item #00003 — This is a virtualized list entry with some content for ││
││item number 3                                                               ││
││[0004] Item #00004 — This is a virtualized list entry with some content for ││
││item number 4                                                               ││
││[0005] Item #00005 — This is a virtualized list entry with some content for ││
││item number 5                                                               ││
││[0006] Item #00006 — This is a virtualized list entry with some content for ││
││item number 6                                                               ││
││[0007] Item #00007 — This is a virtualized list entry with some content for ││
││item number 7                                                               ││
│╰────────────────────────────────────────────────────────────────────────────╯│
╰──────────────────────────────────────────────────────────────────────────────╯
Virtualized Search [28/45]  default [h] [cmd] [p] [d]  Mouse: AUTO (alt:OFF)
