 1: Tour │ 2: Dash │ 3: [Shakes] │ 4: Code │ 5: Widgets │ 6: Layout │ 7: Forms
╭─────────────────────────────────Shakespeare──────────────────────────────────╮
│╭────────────────────────────────Shakespeare─────────────────────────────────╮│
││To be, or not to be, that is the question:                                  ││
││Whether 'tis nobler in the mind to suffer                                   ││
││The slings and arrows of outrageous fortune,                                ││
││Or to take arms against a sea of troubles,                                  ││
││And by opposing end them. To die: to sleep;                                 ││
││No more; and by a sleep to say we end                                       ││
││The heart-ache and the thousand natural shocks                              ││
││That flesh is heir to, 'tis a consummation                                  ││
││Devoutly to be wish'd.                                                      ││
││                                                                            ││
││Search: [type to filter]                                                    ││
││Matches: 5 lines found                                                      ││
││                                                                            ││
││                                                                            ││
││                                                                            ││
││                                                                            ││
││                                                                            ││
││                                                                            ││
│╰────────────────────────────────────────────────────────────────────────────╯│
╰──────────────────────────────────────────────────────────────────────────────╯
Shakespeare [3/45]  default [h] [cmd] [p] [d]  Mouse: AUTO (alt:OFF)
