 1: Tour │ 2: Dash │ 3: Shakes │ 4: Code │ 5: Widgets │ 6: Layout │ 7: Forms
╭─────────────────────────────────Theme Studio─────────────────────────────────╮
│╭──────────────Theme Presets──────────────╮╭─────────────Palette─────────────╮│
││Current: Cyberpunk Aurora                ││Background:  #0A0E14             ││
││                                         ││Foreground:  #C8D2DC             ││
││  [1] Cyberpunk Aurora                   ││Primary:     #5CCFE6             ││
││  [2] Solarized Dark                     ││Secondary:   #B8CFE6             ││
││  [3] Dracula                            ││Accent:      #FFCC66             ││
││  [4] Nord                               ││Success:     #A6E3A1             ││
││  [5] Monokai                            ││Warning:     #F9E2AF             ││
││  [6] GitHub Dark                        ││Error:       #F38BA8             ││
││  [7] One Dark                           ││                                 ││
││                                         ││                                 ││
││Press 1-7 to switch themes               ││                                 ││
││                                         ││                                 ││
││                                         ││                                 ││
││                                         ││                                 ││
││                                         ││                                 ││
││                                         ││                                 ││
││                                         ││                                 ││
││                                         ││                                 ││
│╰─────────────────────────────────────────╯╰─────────────────────────────────╯│
╰──────────────────────────────────────────────────────────────────────────────╯
Theme Studio [30/45]  default [h] [cmd] [p] [d]  Mouse: AUTO (alt:OFF)
